// Jest Snapshot v1, https://goo.gl/fbAQLP

exports[`rendering the component rendered correctly  1`] = `null`;
