// Jest Snapshot v1, https://goo.gl/fbAQLP

exports[`rendering with data rendered correctly  1`] = `
<View>
  <View />
  <View />
  <View />
</View>
`;

exports[`rendering without data rendered correctly  1`] = `null`;
