// Jest Snapshot v1, https://goo.gl/fbAQLP

exports[`rendering rendered correctly 1`] = `
<RCTSafeAreaView
  emulateUnlessSupported={true}
  style={
    Object {
      "alignItems": "stretch",
      "flex": 1,
      "justifyContent": "flex-start",
      "margin": 10,
    }
  }
>
  <RCTScrollView
    automaticallyAdjustContentInsets={false}
    contentInset={
      Object {
        "bottom": 0,
      }
    }
    enableAutomaticScroll={true}
    enableOnAndroid={false}
    enableResetScrollToCoords={true}
    extraHeight={75}
    extraScrollHeight={0}
    getScrollResponder={[Function]}
    handleOnScroll={[Function]}
    keyboardDismissMode="interactive"
    keyboardOpeningTime={250}
    keyboardSpace={0}
    onScroll={[Function]}
    resetKeyboardSpace={[Function]}
    resetScrollToCoords={
      Object {
        "x": 0,
        "y": 0,
      }
    }
    scrollEventThrottle={1}
    scrollForExtraHeightOnAndroid={[Function]}
    scrollIntoView={[Function]}
    scrollToEnd={[Function]}
    scrollToFocusedInput={[Function]}
    scrollToPosition={[Function]}
    showsVerticalScrollIndicator={true}
    update={[Function]}
    viewIsInsideTabBar={false}
  >
    <View>
      <View />
      <View
        style={
          Object {
            "paddingTop": 10,
          }
        }
      >
        <View />
        <View />
        <View
          style={
            Object {
              "alignItems": "center",
              "flexDirection": "row",
            }
          }
        />
        <View
          style={
            Object {
              "flexDirection": "row",
              "justifyContent": "flex-end",
              "marginTop": 10,
            }
          }
        />
      </View>
    </View>
  </RCTScrollView>
</RCTSafeAreaView>
`;
